// Jest Snapshot v1, https://goo.gl/fbAQLP

exports[`Dashboard.vue renders correctly 1`] = `
<div>
  <crow-stub
    gutters="true"
    tag="div"
  >
    <ccol-stub
      md="12"
      tag="div"
    >
      <ccard-stub>
        <ccardheader-stub>
          
          Мастер сервера
        
        </ccardheader-stub>
         
        <ccardbody-stub>
          <cdatatable-stub
            class="mb-0 table-outline"
            fields="[object Object],[object Object],[object Object],[object Object]"
            head-color="light"
            header="true"
            hover="true"
            items=""
            itemsperpage="10"
            no-sorting=""
            responsive="true"
            sortervalue="[object Object]"
          />
        </ccardbody-stub>
      </ccard-stub>
    </ccol-stub>
  </crow-stub>
</div>
`;
